10:33:22 - "GET /api/config HTTP/1.1" 200 -
10:33:29 - "GET / HTTP/1.1" 200 -
10:33:29 - "GET / HTTP/1.1" 200 -
10:33:29 - "GET / HTTP/1.1" 200 -
10:33:29 - "GET /assets/css/styles.css HTTP/1.1" 200 -
10:33:29 - "GET /assets/js/api.js HTTP/1.1" 200 -
10:33:29 - "GET /assets/js/home.js HTTP/1.1" 200 -
10:33:30 - "GET /api/config HTTP/1.1" 200 -
10:33:36 - "GET / HTTP/1.1" 200 -
10:33:36 - "GET /assets/css/styles.css HTTP/1.1" 200 -
10:33:36 - "GET /assets/js/api.js HTTP/1.1" 200 -
10:33:36 - "GET /assets/js/home.js HTTP/1.1" 200 -
10:33:36 - "GET /api/config HTTP/1.1" 200 -
10:33:52 - "POST /api/feedback HTTP/1.1" 201 -
10:33:53 - "GET /api/config HTTP/1.1" 200 -
10:34:29 - "GET / HTTP/1.1" 200 -
10:34:30 - "GET /assets/js/api.js HTTP/1.1" 200 -
10:34:30 - "GET /assets/css/styles.css HTTP/1.1" 200 -
10:34:30 - "GET /assets/js/home.js HTTP/1.1" 200 -
10:34:30 - "GET /api/config HTTP/1.1" 200 -
10:34:43 - "POST /api/feedback HTTP/1.1" 201 -
10:35:33 - "GET /admin HTTP/1.1" 200 -
10:35:33 - "GET /assets/js/api.js HTTP/1.1" 200 -
10:35:33 - "GET /assets/js/admin.js HTTP/1.1" 200 -
10:35:33 - "GET /assets/css/styles.css HTTP/1.1" 200 -
10:35:34 - "GET /api/config HTTP/1.1" 200 -
10:35:34 - "GET /api/admin/session HTTP/1.1" 200 -
10:35:34 - "GET /api/admin/stats HTTP/1.1" 200 -
10:35:34 - "GET /api/admin/pricing HTTP/1.1" 200 -
10:35:34 - "GET /api/admin/feedback HTTP/1.1" 200 -
10:35:34 - "GET /api/admin/orders?status=all&limit=100 HTTP/1.1" 200 -
10:35:44 - "DELETE /api/admin/feedback/2 HTTP/1.1" 200 -
10:35:44 - "GET /api/admin/feedback HTTP/1.1" 200 -
10:35:45 - "GET /api/admin/feedback HTTP/1.1" 200 -
10:35:49 - "GET /api/admin/orders/UC-012276EF HTTP/1.1" 200 -
10:35:53 - "POST /api/admin/orders/UC-012276EF/status HTTP/1.1" 200 -
10:35:53 - "GET /api/admin/orders?status=all&limit=100 HTTP/1.1" 200 -
10:35:53 - "GET /api/admin/stats HTTP/1.1" 200 -
10:35:53 - "GET /api/admin/orders/UC-012276EF HTTP/1.1" 200 -
10:35:54 - "GET /api/admin/stats HTTP/1.1" 200 -
10:35:54 - "GET /api/admin/orders?status=all&limit=100 HTTP/1.1" 200 -
10:36:01 - "GET / HTTP/1.1" 200 -
10:36:01 - "GET /assets/css/styles.css HTTP/1.1" 200 -
10:36:01 - "GET /assets/js/home.js HTTP/1.1" 200 -
10:36:01 - "GET /assets/js/api.js HTTP/1.1" 200 -
10:36:01 - "GET /api/config HTTP/1.1" 200 -
10:36:03 - "GET /admin HTTP/1.1" 200 -
10:36:03 - "GET /assets/css/styles.css HTTP/1.1" 200 -
10:36:03 - "GET /assets/js/api.js HTTP/1.1" 200 -
10:36:03 - "GET /assets/js/admin.js HTTP/1.1" 200 -
10:36:03 - "GET /api/config HTTP/1.1" 200 -
10:36:03 - "GET /api/admin/session HTTP/1.1" 200 -
10:36:03 - "GET /api/admin/stats HTTP/1.1" 200 -
10:36:03 - "GET /api/admin/orders?status=all&limit=100 HTTP/1.1" 200 -
10:36:03 - "GET /api/admin/feedback HTTP/1.1" 200 -
10:36:03 - "GET /api/admin/pricing HTTP/1.1" 200 -
10:36:04 - "GET / HTTP/1.1" 200 -
10:36:04 - "GET /assets/css/styles.css HTTP/1.1" 200 -
10:36:04 - "GET /assets/js/api.js HTTP/1.1" 200 -
10:36:04 - "GET /assets/js/home.js HTTP/1.1" 200 -
10:36:04 - "GET /api/config HTTP/1.1" 200 -
10:36:05 - "GET /admin HTTP/1.1" 200 -
10:36:05 - "GET /assets/css/styles.css HTTP/1.1" 200 -
10:36:05 - "GET /assets/js/api.js HTTP/1.1" 200 -
10:36:05 - "GET /assets/js/admin.js HTTP/1.1" 200 -
10:36:05 - "GET /api/config HTTP/1.1" 200 -
10:36:05 - "GET /api/admin/session HTTP/1.1" 200 -
10:36:05 - "GET /api/admin/stats HTTP/1.1" 200 -
10:36:05 - "GET /api/admin/orders?status=all&limit=100 HTTP/1.1" 200 -
10:36:05 - "GET /api/admin/pricing HTTP/1.1" 200 -
10:36:05 - "GET /api/admin/feedback HTTP/1.1" 200 -
10:36:07 - "GET / HTTP/1.1" 200 -
10:36:07 - "GET /assets/js/api.js HTTP/1.1" 200 -
10:36:07 - "GET /assets/css/styles.css HTTP/1.1" 200 -
10:36:07 - "GET /assets/js/home.js HTTP/1.1" 200 -
10:36:07 - "GET /api/config HTTP/1.1" 200 -
10:36:23 - "GET / HTTP/1.1" 200 -
10:36:24 - "GET /assets/css/styles.css HTTP/1.1" 200 -
10:36:24 - "GET /assets/js/api.js HTTP/1.1" 200 -
10:36:24 - "GET /assets/js/home.js HTTP/1.1" 200 -
10:36:24 - "GET /api/config HTTP/1.1" 200 -
10:36:25 - "GET /admin HTTP/1.1" 200 -
10:36:25 - "GET /assets/css/styles.css HTTP/1.1" 200 -
10:36:25 - "GET /assets/js/api.js HTTP/1.1" 200 -
10:36:25 - "GET /assets/js/admin.js HTTP/1.1" 200 -
10:36:25 - "GET /api/config HTTP/1.1" 200 -
10:36:25 - "GET /api/admin/session HTTP/1.1" 200 -
10:36:25 - "GET /api/admin/stats HTTP/1.1" 200 -
10:36:25 - "GET /api/admin/pricing HTTP/1.1" 200 -
10:36:25 - "GET /api/admin/orders?status=all&limit=100 HTTP/1.1" 200 -
10:36:25 - "GET /api/admin/feedback HTTP/1.1" 200 -
10:36:27 - "GET / HTTP/1.1" 200 -
10:36:27 - "GET /assets/css/styles.css HTTP/1.1" 200 -
10:36:27 - "GET /assets/js/home.js HTTP/1.1" 200 -
10:36:27 - "GET /assets/js/api.js HTTP/1.1" 200 -
10:36:27 - "GET /api/config HTTP/1.1" 200 -
10:36:28 - "GET / HTTP/1.1" 200 -
10:36:28 - "GET /assets/css/styles.css HTTP/1.1" 200 -
10:36:28 - "GET /assets/js/home.js HTTP/1.1" 200 -
10:36:28 - "GET /assets/js/api.js HTTP/1.1" 200 -
10:36:28 - "GET /api/config HTTP/1.1" 200 -
10:36:45 - "GET /api/admin/stats HTTP/1.1" 200 -
10:36:45 - "GET /api/admin/orders?status=all&limit=100 HTTP/1.1" 200 -
10:37:05 - "GET /api/admin/stats HTTP/1.1" 200 -
10:37:05 - "GET /api/admin/orders?status=all&limit=100 HTTP/1.1" 200 -
10:37:20 - "GET /checkout?pack=uc-60 HTTP/1.1" 200 -
10:37:20 - "GET /assets/img/upi-placeholder.svg HTTP/1.1" 200 -
10:37:20 - "GET /assets/js/checkout.js HTTP/1.1" 200 -
10:37:20 - "GET /assets/css/styles.css HTTP/1.1" 200 -
10:37:20 - "GET /assets/js/api.js HTTP/1.1" 200 -
10:37:20 - "GET /api/config HTTP/1.1" 200 -
10:37:25 - "GET /api/admin/stats HTTP/1.1" 200 -
10:37:25 - "GET /api/admin/orders?status=all&limit=100 HTTP/1.1" 200 -
10:37:44 - "GET /api/health HTTP/1.1" 200 -
10:37:44 - "GET /api/config HTTP/1.1" 200 -
10:37:45 - "GET /api/admin/stats HTTP/1.1" 200 -
10:37:45 - "GET /api/admin/orders?status=all&limit=100 HTTP/1.1" 200 -
10:37:54 - "POST /api/orders HTTP/1.1" 400 -
10:38:05 - "GET /api/admin/stats HTTP/1.1" 200 -
10:38:05 - "GET /api/admin/orders?status=all&limit=100 HTTP/1.1" 200 -
10:38:13 - "POST /api/orders HTTP/1.1" 400 -
10:38:22 - "POST /api/orders HTTP/1.1" 201 -
10:38:22 - "GET /order?id=UC-ADBF3BBC HTTP/1.1" 200 -
10:38:22 - "GET /assets/js/order.js HTTP/1.1" 200 -
10:38:22 - "GET /assets/css/styles.css HTTP/1.1" 200 -
10:38:22 - "GET /assets/js/api.js HTTP/1.1" 200 -
10:38:22 - "GET /api/config HTTP/1.1" 200 -
10:38:22 - "GET /api/orders/UC-ADBF3BBC HTTP/1.1" 200 -
10:38:23 - "GET /api/orders/UC-ADBF3BBC/qr.png?v=2026-09-21T05:08:22+00:00 HTTP/1.1" 200 -
----------------------------------------
Exception occurred during processing of request from ('127.0.0.1', 58742)
Traceback (most recent call last):
  File "C:\Users\anmol\AppData\Local\Programs\Python\Python314\Lib\socketserver.py", line 697, in process_request_thread
    self.finish_request(request, client_address)
    ~~~~~~~~~~~~~~~~~~~^^^^^^^^^^^^^^^^^^^^^^^^^
  File "C:\Users\anmol\AppData\Local\Programs\Python\Python314\Lib\socketserver.py", line 362, in finish_request
    self.RequestHandlerClass(request, client_address, self)
    ~~~~~~~~~~~~~~~~~~~~~~~~^^^^^^^^^^^^^^^^^^^^^^^^^^^^^^^
  File "C:\Users\anmol\AppData\Local\Programs\Python\Python314\Lib\socketserver.py", line 766, in __init__
    self.handle()
    ~~~~~~~~~~~^^
  File "C:\Users\anmol\AppData\Local\Programs\Python\Python314\Lib\http\server.py", line 502, in handle
    self.handle_one_request()
    ~~~~~~~~~~~~~~~~~~~~~~~^^
  File "C:\Users\anmol\AppData\Local\Programs\Python\Python314\Lib\http\server.py", line 468, in handle_one_request
    self.raw_requestline = self.rfile.readline(65537)
                           ~~~~~~~~~~~~~~~~~~~^^^^^^^
  File "C:\Users\anmol\AppData\Local\Programs\Python\Python314\Lib\socket.py", line 729, in readinto
    return self._sock.recv_into(b)
           ~~~~~~~~~~~~~~~~~~~~^^^
ConnectionResetError: [WinError 10054] An existing connection was forcibly closed by the remote host
----------------------------------------
10:38:30 - "GET /api/orders/UC-ADBF3BBC HTTP/1.1" 200 -
10:38:37 - "GET /api/orders/UC-ADBF3BBC HTTP/1.1" 200 -
10:38:44 - "GET /api/orders/UC-ADBF3BBC HTTP/1.1" 200 -
10:38:51 - "GET /api/orders/UC-ADBF3BBC HTTP/1.1" 200 -
10:38:58 - "GET /api/orders/UC-ADBF3BBC HTTP/1.1" 200 -
10:39:03 - "GET /api/admin/stats HTTP/1.1" 200 -
10:39:03 - "GET /api/admin/orders?status=all&limit=100 HTTP/1.1" 200 -
10:39:05 - "GET /api/orders/UC-ADBF3BBC HTTP/1.1" 200 -
10:39:12 - "GET /api/orders/UC-ADBF3BBC HTTP/1.1" 200 -
10:39:19 - "GET /api/orders/UC-ADBF3BBC HTTP/1.1" 200 -
10:39:19 - "GET /api/admin/stats HTTP/1.1" 200 -
10:39:19 - "GET /api/admin/orders?status=all&limit=100 HTTP/1.1" 200 -
10:39:25 - "GET /api/admin/stats HTTP/1.1" 200 -
10:39:25 - "GET /api/admin/orders?status=all&limit=100 HTTP/1.1" 200 -
10:39:28 - "GET / HTTP/1.1" 200 -
10:39:28 - "GET /assets/css/styles.css HTTP/1.1" 200 -
10:39:28 - "GET /assets/js/api.js HTTP/1.1" 200 -
10:39:28 - "GET /assets/js/home.js HTTP/1.1" 200 -
10:39:28 - "GET /api/config HTTP/1.1" 200 -
10:39:30 - "GET /api/orders/UC-ADBF3BBC HTTP/1.1" 200 -
10:39:33 - "GET / HTTP/1.1" 200 -
10:39:33 - "GET /assets/css/styles.css HTTP/1.1" 200 -
10:39:33 - "GET /assets/js/home.js HTTP/1.1" 200 -
10:39:33 - "GET /assets/js/api.js HTTP/1.1" 200 -
10:39:33 - "GET /api/config HTTP/1.1" 200 -
10:39:33 - "GET /api/orders/UC-ADBF3BBC HTTP/1.1" 200 -
10:39:33 - "GET /api/orders/UC-ADBF3BBC HTTP/1.1" 200 -
10:39:34 - "GET /order?id=UC-ADBF3BBC HTTP/1.1" 200 -
10:39:34 - "GET /assets/js/order.js HTTP/1.1" 200 -
10:39:34 - "GET /assets/js/api.js HTTP/1.1" 200 -
10:39:34 - "GET /assets/css/styles.css HTTP/1.1" 200 -
10:39:34 - "GET /api/config HTTP/1.1" 200 -
10:39:34 - "GET /api/orders/UC-ADBF3BBC HTTP/1.1" 200 -
10:39:34 - "GET /api/orders/UC-ADBF3BBC/qr.png?v=2026-09-21T05:08:22+00:00 HTTP/1.1" 200 -
10:39:40 - "GET /api/orders/UC-ADBF3BBC HTTP/1.1" 200 -
10:39:42 - "GET /admin HTTP/1.1" 200 -
10:39:42 - "GET /assets/css/styles.css HTTP/1.1" 200 -
10:39:42 - "GET /assets/js/admin.js HTTP/1.1" 200 -
10:39:42 - "GET /assets/js/api.js HTTP/1.1" 200 -
10:39:42 - "GET /api/config HTTP/1.1" 200 -
10:39:42 - "GET /api/admin/session HTTP/1.1" 200 -
10:39:42 - "GET /api/admin/stats HTTP/1.1" 200 -
10:39:42 - "GET /api/admin/pricing HTTP/1.1" 200 -
10:39:42 - "GET /api/admin/orders?status=all&limit=100 HTTP/1.1" 200 -
10:39:42 - "GET /api/admin/feedback HTTP/1.1" 200 -
10:39:45 - "GET /api/admin/stats HTTP/1.1" 200 -
10:39:45 - "GET /api/admin/orders?status=all&limit=100 HTTP/1.1" 200 -
10:39:49 - "GET / HTTP/1.1" 200 -
10:39:49 - "GET /assets/js/home.js HTTP/1.1" 200 -
10:39:49 - "GET /assets/js/api.js HTTP/1.1" 200 -
10:39:49 - "GET /assets/css/styles.css HTTP/1.1" 200 -
10:39:49 - "GET /api/config HTTP/1.1" 200 -
10:39:54 - "DELETE /api/admin/feedback/3 HTTP/1.1" 200 -
10:39:54 - "GET /api/admin/feedback HTTP/1.1" 200 -
10:40:00 - "GET / HTTP/1.1" 200 -
10:40:00 - "GET /assets/css/styles.css HTTP/1.1" 200 -
10:40:00 - "GET /assets/js/api.js HTTP/1.1" 200 -
10:40:00 - "GET /assets/js/home.js HTTP/1.1" 200 -
10:40:00 - "GET /api/config HTTP/1.1" 200 -
10:40:02 - "GET /api/admin/stats HTTP/1.1" 200 -
10:40:02 - "GET /api/admin/orders?status=all&limit=100 HTTP/1.1" 200 -
10:40:05 - "GET /api/admin/stats HTTP/1.1" 200 -
10:40:05 - "GET /api/admin/orders?status=all&limit=100 HTTP/1.1" 200 -
10:40:18 - "GET /api/admin/orders/UC-ADBF3BBC HTTP/1.1" 200 -
10:40:22 - "GET /api/admin/stats HTTP/1.1" 200 -
10:40:22 - "GET /api/admin/orders?status=all&limit=100 HTTP/1.1" 200 -
10:40:25 - "GET /api/admin/stats HTTP/1.1" 200 -
10:40:25 - "GET /api/admin/orders?status=all&limit=100 HTTP/1.1" 200 -
10:40:28 - "POST /api/admin/orders/UC-ADBF3BBC/status HTTP/1.1" 200 -
10:40:28 - "GET /api/admin/orders?status=all&limit=100 HTTP/1.1" 200 -
10:40:28 - "GET /api/admin/stats HTTP/1.1" 200 -
10:40:28 - "GET /api/admin/orders/UC-ADBF3BBC HTTP/1.1" 200 -
10:40:31 - "GET /api/orders/UC-ADBF3BBC HTTP/1.1" 200 -
10:40:31 - "GET /api/orders/UC-ADBF3BBC/qr.png?v=2026-09-21T05:10:28+00:00 HTTP/1.1" 200 -
10:40:42 - "GET /api/admin/stats HTTP/1.1" 200 -
10:40:42 - "GET /api/admin/orders?status=all&limit=100 HTTP/1.1" 200 -
10:41:02 - "GET /api/admin/stats HTTP/1.1" 200 -
10:41:02 - "GET /api/admin/orders?status=all&limit=100 HTTP/1.1" 200 -
10:41:03 - "GET /api/admin/stats HTTP/1.1" 200 -
10:41:03 - "GET /api/admin/orders?status=all&limit=100 HTTP/1.1" 200 -
10:41:22 - "GET /api/admin/stats HTTP/1.1" 200 -
10:41:22 - "GET /api/admin/orders?status=all&limit=100 HTTP/1.1" 200 -
10:41:38 - "GET /api/admin/orders.csv?status=all HTTP/1.1" 200 -
10:41:42 - "GET /api/admin/stats HTTP/1.1" 200 -
10:41:42 - "GET /api/admin/orders?status=all&limit=100 HTTP/1.1" 200 -
10:42:03 - "GET /api/admin/stats HTTP/1.1" 200 -
10:42:03 - "GET /api/admin/orders?status=all&limit=100 HTTP/1.1" 200 -
10:42:33 - "GET /api/admin/stats HTTP/1.1" 200 -
10:42:33 - "GET /api/admin/orders?status=all&limit=100 HTTP/1.1" 200 -
